// Jest Snapshot v1, https://goo.gl/fbAQLP

exports[`Home component renders Home 1`] = `
<section
  className="Home"
  name="Home"
  style={
    Object {
      "opacity": 0,
    }
  }
>
  <h1
    className="mainHeading"
  >
    Dannie
    <br />
    Schumaker
  </h1>
  <img
    alt="flower illustration"
    className="largeFlowers"
    onLoad={[Function]}
    src="/path/image"
  />
  <img
    alt="flower illustration"
    className="smallFlowers"
    onLoad={[Function]}
    src="/path/image"
  />
  <Arrow
    container="AboutContainer"
    element="About"
    icon="/path/image"
    shadowIcon="/path/image"
  />
</section>
`;
