// Jest Snapshot v1, https://goo.gl/fbAQLP

exports[`NavBar component renders NavBar 1`] = `
<nav
  className="NavBar"
  style={
    Object {
      "opacity": 0,
    }
  }
>
  <NavLink
    activeIcon="/path/image"
    icon="/path/image"
    key="0"
    to="Home"
  />
  <NavLink
    activeIcon="/path/image"
    icon="/path/image"
    key="1"
    to="About"
  />
  <NavLink
    activeIcon="/path/image"
    icon="/path/image"
    key="2"
    to="Projects"
  />
  <NavLink
    activeIcon="/path/image"
    icon="/path/image"
    key="3"
    to="Contact"
  />
</nav>
`;
