// Jest Snapshot v1, https://goo.gl/fbAQLP

exports[`Tech component renders Tech 1`] = `
<section
  className="Tech"
  name="Tech"
>
  <PageHeading
    content="Tech Stack"
  />
  <section
    className="techList"
  >
    <dl
      className="definitionList"
    >
      <TechItem
        definitions={
          Array [
            "JavaScript",
            "HTML",
            "CSS",
          ]
        }
        key="Languages"
        title="Languages"
      />
      <TechItem
        definitions={
          Array [
            "React",
            "React Native",
            "Redux",
            "PostCSS",
          ]
        }
        key="Front End"
        title="Front End"
      />
      <TechItem
        definitions={
          Array [
            "Node",
            "Express",
          ]
        }
        key="Back End"
        title="Back End"
      />
      <TechItem
        definitions={
          Array [
            "MongoDB",
            "Mongoose",
            "PostresSQL",
          ]
        }
        key="Database"
        title="Database"
      />
      <TechItem
        definitions={
          Array [
            "Jest",
            "Enzyme",
            "QUnit",
          ]
        }
        key="Testing Suites"
        title="Testing Suites"
      />
      <TechItem
        definitions={
          Array [
            "Travis CI",
            "Heroku",
            "Postman",
            "Compass",
          ]
        }
        key="Dev Tools"
        title="Dev Tools"
      />
    </dl>
  </section>
  <Arrow
    element="Projects"
  />
</section>
`;
